[    0.000000] Linux version 4.15.0-137-generic (buildd@lcy01-amd64-011) (gcc version 7.5.0 (Ubuntu 7.5.0-3ubuntu1~18.04)) #141-Ubuntu SMP Fri Feb 19 13:46:27 UTC 2021 (Ubuntu 4.15.0-137.141-generic 4.15.18)
[    0.000000] Command line: BOOT_IMAGE=/boot/vmlinuz-4.15.0-137-generic root=LABEL=cloudimg-rootfs ro console=tty1 console=ttyS0
[    0.000000] KERNEL supported cpus:
[    0.000000]   Intel GenuineIntel
[    0.000000]   AMD AuthenticAMD
[    0.000000]   Centaur CentaurHauls
[    0.000000] x86/fpu: Supporting XSAVE feature 0x001: 'x87 floating point registers'
[    0.000000] x86/fpu: Supporting XSAVE feature 0x002: 'SSE registers'
[    0.000000] x86/fpu: Supporting XSAVE feature 0x004: 'AVX registers'
[    0.000000] x86/fpu: xstate_offset[2]:  576, xstate_sizes[2]:  256
[    0.000000] x86/fpu: Enabled xstate features 0x7, context size is 832 bytes, using 'standard' format.
[    0.000000] e820: BIOS-provided physical RAM map:
[    0.000000] BIOS-e820: [mem 0x0000000000000000-0x000000000009fbff] usable
[    0.000000] BIOS-e820: [mem 0x000000000009fc00-0x000000000009ffff] reserved
[    0.000000] BIOS-e820: [mem 0x00000000000f0000-0x00000000000fffff] reserved
[    0.000000] BIOS-e820: [mem 0x0000000000100000-0x0000000017feffff] usable
[    0.000000] BIOS-e820: [mem 0x0000000017ff0000-0x0000000017ffffff] ACPI data
[    0.000000] BIOS-e820: [mem 0x00000000fec00000-0x00000000fec00fff] reserved
[    0.000000] BIOS-e820: [mem 0x00000000fee00000-0x00000000fee00fff] reserved
[    0.000000] BIOS-e820: [mem 0x00000000fffc0000-0x00000000ffffffff] reserved
[    0.000000] NX (Execute Disable) protection: active
[    0.000000] SMBIOS 2.5 present.
[    0.000000] DMI: innotek GmbH VirtualBox/VirtualBox, BIOS VirtualBox 12/01/2006
[    0.000000] Hypervisor detected: KVM
[    0.000000] e820: last_pfn = 0x17ff0 max_arch_pfn = 0x400000000
[    0.000000] MTRR: Disabled
[    0.000000] x86/PAT: MTRRs disabled, skipping PAT initialization too.
[    0.000000] CPU MTRRs all blank - virtualized system.
[    0.000000] x86/PAT: Configuration [0-7]: WB  WT  UC- UC  WB  WT  UC- UC  
[    0.000000] found SMP MP-table at [mem 0x0009fff0-0x0009ffff]
[    0.000000] Scanning 1 areas for low memory corruption
[    0.000000] RAMDISK: [mem 0x15b50000-0x16e15fff]
[    0.000000] ACPI: Early table checksum verification disabled
[    0.000000] ACPI: RSDP 0x00000000000E0000 000024 (v02 VBOX  )
[    0.000000] ACPI: XSDT 0x0000000017FF0030 00003C (v01 VBOX   VBOXXSDT 00000001 ASL  00000061)
[    0.000000] ACPI: FACP 0x0000000017FF00F0 0000F4 (v04 VBOX   VBOXFACP 00000001 ASL  00000061)
[    0.000000] ACPI: DSDT 0x0000000017FF0470 002325 (v02 VBOX   VBOXBIOS 00000002 INTL 20100528)
[    0.000000] ACPI: FACS 0x0000000017FF0200 000040
[    0.000000] ACPI: FACS 0x0000000017FF0200 000040
[    0.000000] ACPI: APIC 0x0000000017FF0240 00005C (v02 VBOX   VBOXAPIC 00000001 ASL  00000061)
[    0.000000] ACPI: SSDT 0x0000000017FF02A0 0001CC (v01 VBOX   VBOXCPUT 00000002 INTL 20100528)
[    0.000000] No NUMA configuration found
[    0.000000] Faking a node at [mem 0x0000000000000000-0x0000000017feffff]
[    0.000000] NODE_DATA(0) allocated [mem 0x17fc5000-0x17feffff]
[    0.000000] kvm-clock: cpu 0, msr 0:17f44001, primary cpu clock
[    0.000000] kvm-clock: Using msrs 4b564d01 and 4b564d00
[    0.000000] kvm-clock: using sched offset of 3990578352 cycles
[    0.000000] clocksource: kvm-clock: mask: 0xffffffffffffffff max_cycles: 0x1cd42e4dffb, max_idle_ns: 881590591483 ns
[    0.000000] Zone ranges:
[    0.000000]   DMA      [mem 0x0000000000001000-0x0000000000ffffff]
[    0.000000]   DMA32    [mem 0x0000000001000000-0x0000000017feffff]
[    0.000000]   Normal   empty
[    0.000000]   Device   empty
[    0.000000] Movable zone start for each node
[    0.000000] Early memory node ranges
[    0.000000]   node   0: [mem 0x0000000000001000-0x000000000009efff]
[    0.000000]   node   0: [mem 0x0000000000100000-0x0000000017feffff]
[    0.000000] Reserved but unavailable: 98 pages
[    0.000000] Initmem setup node 0 [mem 0x0000000000001000-0x0000000017feffff]
[    0.000000] ACPI: PM-Timer IO Port: 0x4008
[    0.000000] IOAPIC[0]: apic_id 2, version 32, address 0xfec00000, GSI 0-23
[    0.000000] ACPI: INT_SRC_OVR (bus 0 bus_irq 0 global_irq 2 dfl dfl)
[    0.000000] ACPI: INT_SRC_OVR (bus 0 bus_irq 9 global_irq 9 low level)
[    0.000000] Using ACPI (MADT) for SMP configuration information
[    0.000000] smpboot: Allowing 2 CPUs, 0 hotplug CPUs
[    0.000000] PM: Registered nosave memory: [mem 0x00000000-0x00000fff]
[    0.000000] PM: Registered nosave memory: [mem 0x0009f000-0x0009ffff]
[    0.000000] PM: Registered nosave memory: [mem 0x000a0000-0x000effff]
[    0.000000] PM: Registered nosave memory: [mem 0x000f0000-0x000fffff]
[    0.000000] e820: [mem 0x18000000-0xfebfffff] available for PCI devices
[    0.000000] Booting paravirtualized kernel on KVM
[    0.000000] clocksource: refined-jiffies: mask: 0xffffffff max_cycles: 0xffffffff, max_idle_ns: 7645519600211568 ns
[    0.000000] random: get_random_bytes called from start_kernel+0x99/0x500 with crng_init=0
[    0.000000] setup_percpu: NR_CPUS:8192 nr_cpumask_bits:2 nr_cpu_ids:2 nr_node_ids:1
[    0.000000] percpu: Embedded 45 pages/cpu s147456 r8192 d28672 u1048576
[    0.000000] PV qspinlock hash table entries: 256 (order: 0, 4096 bytes)
[    0.000000] Built 1 zonelists, mobility grouping on.  Total pages: 96633
[    0.000000] Policy zone: DMA32
[    0.000000] Kernel command line: BOOT_IMAGE=/boot/vmlinuz-4.15.0-137-generic root=LABEL=cloudimg-rootfs ro console=tty1 console=ttyS0
[    0.000000] Memory: 337900K/392760K available (12300K kernel code, 2483K rwdata, 4276K rodata, 2440K init, 2724K bss, 54860K reserved, 0K cma-reserved)
[    0.000000] SLUB: HWalign=64, Order=0-3, MinObjects=0, CPUs=2, Nodes=1
[    0.000000] Kernel/User page tables isolation: enabled
[    0.000000] ftrace: allocating 39427 entries in 155 pages
[    0.004000] Hierarchical RCU implementation.
[    0.004000] 	RCU restricting CPUs from NR_CPUS=8192 to nr_cpu_ids=2.
[    0.004000] 	Tasks RCU enabled.
[    0.004000] RCU: Adjusting geometry for rcu_fanout_leaf=16, nr_cpu_ids=2
[    0.004000] NR_IRQS: 524544, nr_irqs: 440, preallocated irqs: 16
[    0.004000] Console: colour VGA+ 80x25
[    0.004000] console [tty1] enabled
[    0.004000] console [ttyS0] enabled
[    0.004000] ACPI: Core revision 20170831
[    0.004000] ACPI: 2 ACPI AML tables successfully acquired and loaded
[    0.004000] APIC: Switch to symmetric I/O mode setup
[    0.004000] x2apic enabled
[    0.004000] Switched APIC routing to physical x2apic.
[    0.004000] ..TIMER: vector=0x30 apic1=0 pin1=2 apic2=-1 pin2=-1
[    0.004003] tsc: Detected 2808.000 MHz processor
[    0.005022] Calibrating delay loop (skipped) preset value.. 5616.00 BogoMIPS (lpj=11232000)
[    0.008002] pid_max: default: 32768 minimum: 301
[    0.009058] Security Framework initialized
[    0.010189] Yama: becoming mindful.
[    0.012020] AppArmor: AppArmor initialized
[    0.013026] Dentry cache hash table entries: 65536 (order: 7, 524288 bytes)
[    0.016000] Inode-cache hash table entries: 32768 (order: 6, 262144 bytes)
[    0.016018] Mount-cache hash table entries: 1024 (order: 1, 8192 bytes)
[    0.020004] Mountpoint-cache hash table entries: 1024 (order: 1, 8192 bytes)
[    0.021747] Last level iTLB entries: 4KB 64, 2MB 8, 4MB 8
[    0.022906] Last level dTLB entries: 4KB 64, 2MB 0, 4MB 0, 1GB 4
[    0.024002] Spectre V1 : Mitigation: usercopy/swapgs barriers and __user pointer sanitization
[    0.025865] Spectre V2 : Mitigation: Full generic retpoline
[    0.027055] Spectre V2 : Spectre v2 / SpectreRSB mitigation: Filling RSB on context switch
[    0.028002] Speculative Store Bypass: Vulnerable
[    0.029051] SRBDS: Unknown: Dependent on hypervisor status
[    0.030262] MDS: Mitigation: Clear CPU buffers
[    0.032231] Freeing SMP alternatives memory: 36K
[    0.142947] smpboot: CPU0: Intel(R) Core(TM) i7-6600U CPU @ 2.60GHz (family: 0x6, model: 0x4e, stepping: 0x3)
[    0.144000] Performance Events: unsupported p6 CPU model 78 no PMU driver, software events only.
[    0.144028] Hierarchical SRCU implementation.
[    0.145553] NMI watchdog: Perf event create on CPU 0 failed with -2
[    0.146897] NMI watchdog: Perf NMI watchdog permanently disabled
[    0.148039] smp: Bringing up secondary CPUs ...
[    0.149131] x86: Booting SMP configuration:
[    0.150099] .... node  #0, CPUs:      #1
[    0.004000] kvm-clock: cpu 1, msr 0:17f44041, secondary cpu clock
[    0.154796] smp: Brought up 1 node, 2 CPUs
[    0.154796] smpboot: Max logical packages: 1
[    0.156004] smpboot: Total of 2 processors activated (11232.00 BogoMIPS)
[    0.157497] devtmpfs: initialized
[    0.157497] x86/mm: Memory block size: 128MB
[    0.160118] evm: security.selinux
[    0.160896] evm: security.SMACK64
[    0.161666] evm: security.SMACK64EXEC
[    0.162500] evm: security.SMACK64TRANSMUTE
[    0.163441] evm: security.SMACK64MMAP
[    0.164002] evm: security.apparmor
[    0.164806] evm: security.ima
[    0.165516] evm: security.capability
[    0.166356] clocksource: jiffies: mask: 0xffffffff max_cycles: 0xffffffff, max_idle_ns: 7645041785100000 ns
[    0.168011] futex hash table entries: 512 (order: 3, 32768 bytes)
[    0.169344] pinctrl core: initialized pinctrl subsystem
[    0.170592] RTC time: 18:42:01, date: 03/17/21
[    0.172125] NET: Registered protocol family 16
[    0.173186] audit: initializing netlink subsys (disabled)
[    0.174383] audit: type=2000 audit(1616006526.479:1): state=initialized audit_enabled=0 res=1
[    0.176008] cpuidle: using governor ladder
[    0.176930] cpuidle: using governor menu
[    0.177879] ACPI: bus type PCI registered
[    0.178783] acpiphp: ACPI Hot Plug PCI Controller Driver version: 0.5
[    0.180097] PCI: Using configuration type 1 for base access
[    0.184038] HugeTLB registered 2.00 MiB page size, pre-allocated 0 pages
[    0.185463] ACPI: Added _OSI(Module Device)
[    0.185463] ACPI: Added _OSI(Processor Device)
[    0.186014] ACPI: Added _OSI(3.0 _SCP Extensions)
[    0.188002] ACPI: Added _OSI(Processor Aggregator Device)
[    0.189170] ACPI: Added _OSI(Linux-Dell-Video)
[    0.190156] ACPI: Added _OSI(Linux-Lenovo-NV-HDMI-Audio)
[    0.191338] ACPI: Added _OSI(Linux-HPI-Hybrid-Graphics)
[    0.192369] ACPI: Executed 1 blocks of module-level executable AML code
[    0.198625] ACPI: Interpreter enabled
[    0.200013] ACPI: (supports S0 S5)
[    0.201172] ACPI: Using IOAPIC for interrupt routing
[    0.204182] PCI: Using host bridge windows from ACPI; if necessary, use "pci=nocrs" and report a bug
[    0.207302] ACPI: Enabled 2 GPEs in block 00 to 07
[    0.224063] ACPI: PCI Root Bridge [PCI0] (domain 0000 [bus 00-ff])
[    0.225982] acpi PNP0A03:00: _OSC: OS supports [ASPM ClockPM Segments MSI]
[    0.228032] acpi PNP0A03:00: _OSC: not requesting OS control; OS requires [ExtendedConfig ASPM ClockPM MSI]
[    0.230663] acpi PNP0A03:00: fail to add MMCONFIG information, can't access extended PCI configuration space under this bridge.
[    0.232534] PCI host bridge to bus 0000:00
[    0.233476] pci_bus 0000:00: root bus resource [io  0x0000-0x0cf7 window]
[    0.235060] pci_bus 0000:00: root bus resource [io  0x0d00-0xffff window]
[    0.236005] pci_bus 0000:00: root bus resource [mem 0x000a0000-0x000bffff window]
[    0.237853] pci_bus 0000:00: root bus resource [mem 0x18000000-0xfdffffff window]
[    0.240006] pci_bus 0000:00: root bus resource [bus 00-ff]
[    0.245829] pci 0000:00:01.1: legacy IDE quirk: reg 0x10: [io  0x01f0-0x01f7]
[    0.247986] pci 0000:00:01.1: legacy IDE quirk: reg 0x14: [io  0x03f6]
[    0.248006] pci 0000:00:01.1: legacy IDE quirk: reg 0x18: [io  0x0170-0x0177]
[    0.252007] pci 0000:00:01.1: legacy IDE quirk: reg 0x1c: [io  0x0376]
[    0.266969] pci 0000:00:07.0: quirk: [io  0x4000-0x403f] claimed by PIIX4 ACPI
[    0.268023] pci 0000:00:07.0: quirk: [io  0x4100-0x410f] claimed by PIIX4 SMB
[    0.278195] ACPI: PCI Interrupt Link [LNKA] (IRQs 5 9 10 *11)
[    0.279997] ACPI: PCI Interrupt Link [LNKB] (IRQs 5 9 *10 11)
[    0.280156] ACPI: PCI Interrupt Link [LNKC] (IRQs 5 *9 10 11)
[    0.282234] ACPI: PCI Interrupt Link [LNKD] (IRQs 5 9 10 *11)
[    0.284341] SCSI subsystem initialized
[    0.285527] pci 0000:00:02.0: vgaarb: setting as boot VGA device
[    0.285638] pci 0000:00:02.0: vgaarb: VGA device added: decodes=io+mem,owns=io+mem,locks=none
[    0.288012] pci 0000:00:02.0: vgaarb: bridge control possible
[    0.289511] vgaarb: loaded
[    0.292024] ACPI: bus type USB registered
[    0.292931] usbcore: registered new interface driver usbfs
[    0.294120] usbcore: registered new interface driver hub
[    0.296007] usbcore: registered new device driver usb
[    0.297155] EDAC MC: Ver: 3.0.0
[    0.297155] PCI: Using ACPI for IRQ routing
[    0.300286] NetLabel: Initializing
[    0.301073] NetLabel:  domain hash size = 128
[    0.302038] NetLabel:  protocols = UNLABELED CIPSOv4 CALIPSO
[    0.303278] NetLabel:  unlabeled traffic allowed by default
[    0.304066] clocksource: Switched to clocksource kvm-clock
[    0.335106] VFS: Disk quotas dquot_6.6.0
[    0.336056] VFS: Dquot-cache hash table entries: 512 (order 0, 4096 bytes)
[    0.337578] AppArmor: AppArmor Filesystem Enabled
[    0.338626] pnp: PnP ACPI init
[    0.340623] pnp: PnP ACPI: found 3 devices
[    0.350312] clocksource: acpi_pm: mask: 0xffffff max_cycles: 0xffffff, max_idle_ns: 2085701024 ns
[    0.352202] NET: Registered protocol family 2
[    0.353396] TCP established hash table entries: 4096 (order: 3, 32768 bytes)
[    0.354876] TCP bind hash table entries: 4096 (order: 4, 65536 bytes)
[    0.356270] TCP: Hash tables configured (established 4096 bind 4096)
[    0.357627] UDP hash table entries: 256 (order: 1, 8192 bytes)
[    0.358867] UDP-Lite hash table entries: 256 (order: 1, 8192 bytes)
[    0.360222] NET: Registered protocol family 1
[    0.361234] pci 0000:00:00.0: Limiting direct PCI/PCI transfers
[    0.362520] pci 0000:00:01.0: Activating ISA DMA hang workarounds
[    0.363874] pci 0000:00:02.0: Video device with shadowed ROM at [mem 0x000c0000-0x000dffff]
[    0.365806] Unpacking initramfs...
[    0.793004] Freeing initrd memory: 19224K
[    0.794038] clocksource: tsc: mask: 0xffffffffffffffff max_cycles: 0x2879c5f06f2, max_idle_ns: 440795220049 ns
[    0.796244] platform rtc_cmos: registered platform RTC device (no PNP device found)
[    0.797932] Scanning for low memory corruption every 60 seconds
[    0.799795] Initialise system trusted keyrings
[    0.800837] Key type blacklist registered
[    0.801841] workingset: timestamp_bits=36 max_order=17 bucket_order=0
[    0.804323] zbud: loaded
[    0.805470] squashfs: version 4.0 (2009/01/31) Phillip Lougher
[    0.806893] fuse init (API version 7.26)
[    0.816829] Key type asymmetric registered
[    0.817778] Asymmetric key parser 'x509' registered
[    0.818887] Block layer SCSI generic (bsg) driver version 0.4 loaded (major 246)
[    0.820619] io scheduler noop registered
[    0.821500] io scheduler deadline registered
[    0.822485] io scheduler cfq registered (default)
[    0.823828] ACPI: AC Adapter [AC] (on-line)
[    0.824866] input: Power Button as /devices/LNXSYSTM:00/LNXPWRBN:00/input/input0
[    0.826539] ACPI: Power Button [PWRF]
[    0.827453] input: Sleep Button as /devices/LNXSYSTM:00/LNXSLPBN:00/input/input1
[    0.829144] ACPI: Sleep Button [SLPF]
[    0.831137] ACPI: Battery Slot [BAT0] (battery present)
[    0.832435] Serial: 8250/16550 driver, 32 ports, IRQ sharing enabled
[    0.854555] 00:02: ttyS0 at I/O 0x3f8 (irq = 4, base_baud = 115200) is a 16550A
[    0.857624] Linux agpgart interface v0.103
[    0.859712] loop: module loaded
[    0.861054] scsi host0: ata_piix
[    0.861967] scsi host1: ata_piix
[    0.862767] ata1: PATA max UDMA/33 cmd 0x1f0 ctl 0x3f6 bmdma 0xd000 irq 14
[    0.864204] ata2: PATA max UDMA/33 cmd 0x170 ctl 0x376 bmdma 0xd008 irq 15
[    0.865807] libphy: Fixed MDIO Bus: probed
[    0.866829] tun: Universal TUN/TAP device driver, 1.6
[    0.867966] PPP generic driver version 2.4.2
[    0.869092] ehci_hcd: USB 2.0 'Enhanced' Host Controller (EHCI) Driver
[    0.870519] ehci-pci: EHCI PCI platform driver
[    0.871508] ehci-platform: EHCI generic platform driver
[    0.872691] ohci_hcd: USB 1.1 'Open' Host Controller (OHCI) Driver
[    0.874723] ohci-pci: OHCI PCI platform driver
[    0.876295] ohci-platform: OHCI generic platform driver
[    0.877675] uhci_hcd: USB Universal Host Controller Interface driver
[    0.879072] i8042: PNP: PS/2 Controller [PNP0303:PS2K,PNP0f03:PS2M] at 0x60,0x64 irq 1,12
[    0.881444] serio: i8042 KBD port at 0x60,0x64 irq 1
[    0.882560] serio: i8042 AUX port at 0x60,0x64 irq 12
[    0.883732] mousedev: PS/2 mouse device common for all mice
[    0.885232] input: AT Translated Set 2 keyboard as /devices/platform/i8042/serio0/input/input2
[    0.887495] rtc_cmos rtc_cmos: rtc core: registered rtc_cmos as rtc0
[    0.888975] rtc_cmos rtc_cmos: alarms up to one day, 114 bytes nvram
[    0.890329] i2c /dev entries driver
[    0.891181] device-mapper: uevent: version 1.0.3
[    0.892320] device-mapper: ioctl: 4.37.0-ioctl (2017-09-20) initialised: dm-devel@redhat.com
[    0.894258] ledtrig-cpu: registered to indicate activity on CPUs
[    0.895894] NET: Registered protocol family 10
[    0.900591] Segment Routing with IPv6
[    0.901576] NET: Registered protocol family 17
[    0.902637] Key type dns_resolver registered
[    0.903752] mce: Using 0 MCE banks
[    0.904615] RAS: Correctable Errors collector initialized.
[    0.905809] sched_clock: Marking stable (904590356, 0)->(1111400861, -206810505)
[    0.907749] registered taskstats version 1
[    0.908813] Loading compiled-in X.509 certificates
[    0.912204] Loaded X.509 cert 'Build time autogenerated kernel key: 891cd9bdbdbe808e88c20f1dc4820174eb8d1858'
[    0.914341] zswap: loaded using pool lzo/zbud
[    0.918528] Key type big_key registered
[    0.919445] Key type trusted registered
[    0.921921] Key type encrypted registered
[    0.922830] AppArmor: AppArmor sha1 policy hashing enabled
[    0.924000] ima: No TPM chip found, activating TPM-bypass! (rc=-19)
[    0.925435] ima: Allocated hash algorithm: sha1
[    0.926549] evm: HMAC attrs: 0x1
[    0.927580]   Magic number: 13:851:746
[    0.928551] rtc_cmos rtc_cmos: setting system clock to 2021-03-17 18:42:02 UTC (1616006522)
[    0.930477] BIOS EDD facility v0.16 2004-Jun-25, 0 devices found
[    0.931763] EDD information not available.
[    1.176562] Freeing unused kernel image memory: 2440K
[    1.188560] Write protecting the kernel read-only data: 20480k
[    1.190306] Freeing unused kernel image memory: 2008K
[    1.191693] Freeing unused kernel image memory: 1868K
[    1.202922] x86/mm: Checked W+X mappings: passed, no W+X pages found.
[    1.204309] x86/mm: Checking user space page tables
[    1.214801] x86/mm: Checked W+X mappings: passed, no W+X pages found.
Loading, please wait...
starting version 237
[    1.290865] e1000: Intel(R) PRO/1000 Network Driver - version 7.3.21-k8-NAPI
[    1.293456] e1000: Copyright (c) 1999-2006 Intel Corporation.
[    1.296204] Fusion MPT base driver 3.04.20
[    1.297742] Copyright (c) 1999-2008 LSI Corporation
[    1.305319] Fusion MPT SPI Host driver 3.04.20
[    1.327367] AVX2 version of gcm_enc/dec engaged.
[    1.329380] AES CTR mode by8 optimization enabled
[    1.514719] input: ImExPS/2 Generic Explorer Mouse as /devices/platform/i8042/serio1/input/input4
[    1.713489] e1000 0000:00:03.0 eth0: (PCI:33MHz:32-bit) 02:bb:7e:38:85:b0
[    1.714946] e1000 0000:00:03.0 eth0: Intel(R) PRO/1000 Network Connection
[    1.717358] mptbase: ioc0: Initiating bringup
[    1.813213] ioc0: LSI53C1030 A0: Capabilities={Initiator}
[    2.062147] scsi host2: ioc0: LSI53C1030 A0, FwRev=00000000h, Ports=1, MaxQ=256, IRQ=20
[    2.237169] scsi 2:0:0:0: Direct-Access     VBOX     HARDDISK         1.0  PQ: 0 ANSI: 5
[    2.268104] scsi target2:0:0: Beginning Domain Validation
[    2.312570] scsi target2:0:0: Domain Validation skipping write tests
[    2.313936] scsi target2:0:0: Ending Domain Validation
[    2.319504] scsi target2:0:0: asynchronous
[    2.339141] scsi 2:0:1:0: Direct-Access     VBOX     HARDDISK         1.0  PQ: 0 ANSI: 5
[    2.488680] scsi target2:0:1: Beginning Domain Validation
[    2.492919] random: fast init done
[    2.494208] scsi target2:0:1: Domain Validation skipping write tests
[    2.496522] scsi target2:0:1: Ending Domain Validation
[    2.498062] scsi target2:0:1: asynchronous
[    2.502960] random: systemd-udevd: uninitialized urandom read (16 bytes read)
[    2.504560] random: systemd-udevd: uninitialized urandom read (16 bytes read)
[    2.506080] random: systemd-udevd: uninitialized urandom read (16 bytes read)
[    2.507957] sd 2:0:0:0: [sda] 83886080 512-byte logical blocks: (42.9 GB/40.0 GiB)
[    2.509759] sd 2:0:0:0: [sda] Write Protect is off
[    2.510852] sd 2:0:0:0: Attached scsi generic sg0 type 0
[    2.512159] sd 2:0:0:0: [sda] Incomplete mode parameter data
[    2.513400] sd 2:0:0:0: [sda] Assuming drive cache: write through
[    2.515172] sd 2:0:1:0: [sdb] 20480 512-byte logical blocks: (10.5 MB/10.0 MiB)
[    2.516898] sd 2:0:1:0: [sdb] Write Protect is off
[    2.518121] sd 2:0:1:0: [sdb] Incomplete mode parameter data
[    2.519377] sd 2:0:1:0: [sdb] Assuming drive cache: write through
[    2.521380] sd 2:0:1:0: Attached scsi generic sg1 type 0
[    2.523757]  sda: sda1
[    2.526462] sd 2:0:0:0: [sda] Attached SCSI disk
[    2.527743] sd 2:0:1:0: [sdb] Attached SCSI disk
[    2.678998] e1000 0000:00:08.0 eth1: (PCI:33MHz:32-bit) 08:00:27:3c:94:d5
[    2.680906] e1000 0000:00:08.0 eth1: Intel(R) PRO/1000 Network Connection
[    2.683999] e1000 0000:00:03.0 enp0s3: renamed from eth0
[    2.704479] e1000 0000:00:08.0 enp0s8: renamed from eth1
Begin: Loading essential drivers ... [    4.344466] raid6: sse2x1   gen() 11056 MB/s
[    4.392286] raid6: sse2x1   xor()  7824 MB/s
[    4.440101] raid6: sse2x2   gen() 13218 MB/s
[    4.488403] raid6: sse2x2   xor()  9055 MB/s
[    4.536228] raid6: sse2x4   gen() 15454 MB/s
[    4.584027] raid6: sse2x4   xor()  8420 MB/s
[    4.632390] raid6: avx2x1   gen() 15891 MB/s
[    4.680195] raid6: avx2x1   xor() 14076 MB/s
[    4.728020] raid6: avx2x2   gen() 24474 MB/s
[    4.776320] raid6: avx2x2   xor() 16728 MB/s
[    4.824146] raid6: avx2x4   gen() 30272 MB/s
[    4.872501] raid6: avx2x4   xor() 18346 MB/s
[    4.873486] raid6: using algorithm avx2x4 gen() 30272 MB/s
[    4.874702] raid6: .... xor() 18346 MB/s, rmw enabled
[    4.875799] raid6: using avx2x2 recovery algorithm
[    4.877907] xor: automatically using best checksumming function   avx       
[    4.880274] async_tx: api initialized (async)
done.
Begin: Running /scripts/init-premount ... done.
Begin: Mounting root file system ... Begin: Running /scripts/local-top ... done.
Begin: Running /scripts/local-premount ... [    4.927833] Btrfs loaded, crc32c=crc32c-intel
Scanning for Btrfs filesystems
done.
Warning: fsck not present, so skipping root file system
[    4.955439] EXT4-fs (sda1): mounted filesystem with ordered data mode. Opts: (null)
done.
Begin: Running /scripts/local-bottom ... done.
Begin: Running /scripts/init-bottom ... done.
[    5.112957] ip_tables: (C) 2000-2006 Netfilter Core Team
[    5.123521] systemd[1]: systemd 237 running in system mode. (+PAM +AUDIT +SELINUX +IMA +APPARMOR +SMACK +SYSVINIT +UTMP +LIBCRYPTSETUP +GCRYPT +GNUTLS +ACL +XZ +LZ4 +SECCOMP +BLKID +ELFUTILS +KMOD -IDN2 +IDN -PCRE2 default-hierarchy=hybrid)
[    5.128064] systemd[1]: Detected virtualization oracle.
[    5.129207] systemd[1]: Detected architecture x86-64.

Welcome to [1mUbuntu 18.04.5 LTS[0m!

[    5.135081] systemd[1]: Set hostname to <ubuntu>.
[    5.139147] systemd[1]: Initializing machine ID from random generator.
[    5.140621] systemd[1]: Installed transient /etc/machine-id file.
[    5.378115] systemd[1]: Reached target Swap.
[[0;32m  OK  [0m] Reached target Swap.
[    5.381538] systemd[1]: Created slice System Slice.
[[0;32m  OK  [0m] Created slice System Slice.
[    5.383519] systemd[1]: Listening on Network Service Netlink Socket.
[[0;32m  OK  [0m] Listening on Network Service Netlink Socket.
[    5.385939] systemd[1]: Reached target User and Group Name Lookups.
[[0;32m  OK  [0m] Reached target User and Group Name Lookups.
[[0;32m  OK  [0m] Listening on udev Kernel Socket.
[[0;32m  OK  [0m] Listening on Journal Socket.
         Starting Set the console keyboard layout...
         Starting Uncomplicated firewall...
[[0;32m  OK  [0m] Created slice User and Session Slice.
[[0;32m  OK  [0m] Listening on /dev/initctl Compatibility Named Pipe.
[[0;32m  OK  [0m] Listening on Device-mapper event daemon FIFOs.
[[0;32m  OK  [0m] Listening on fsck to fsckd communication Socket.
[[0;32m  OK  [0m] Listening on udev Control Socket.
         Starting Load Kernel Modules...
         Starting Create list of required stâ€¦ce nodes for the current kernel...
         Mounting Kernel Debug File System...
[[0;32m  OK  [0m] Listening on LVM2 poll daemon socket.
[[0;32m  OK  [0m] Set up automount Arbitrary Executabâ€¦rmats File System Automount Point.
[    5.418395] Loading iSCSI transport class v2.0-870.
[    5.423936] iscsi: registered transport (tcp)
[    5.438312] iscsi: registered transport (iser)
         Mounting Huge Pages File System...
[[0;32m  OK  [0m] Created slice system-serial\x2dgetty.slice.
[[0;32m  OK  [0m] Listening on Syslog Socket.
         Mounting POSIX Message Queue File System...
[[0;32m  OK  [0m] Listening on Journal Audit Socket.
[[0;32m  OK  [0m] Reached target System Time Synchronized.
[[0;32m  OK  [0m] Listening on LVM2 metadata daemon socket.
         Starting Monitoring of LVM2 mirrorsâ€¦ng dmeventd or progress polling...
[[0;32m  OK  [0m] Started Forward Password Requests to Wall Directory Watch.
[[0;32m  OK  [0m] Listening on Journal Socket (/dev/log).
         Starting Journal Service...
         Starting udev Coldplug all Devices...
[[0;32m  OK  [0m] Reached target Slices.
         Starting File System Check on Root Device...
[[0;32m  OK  [0m] Started Uncomplicated firewall.
[[0;32m  OK  [0m] Started Load Kernel Modules.
[[0;32m  OK  [0m] Started Create list of required staâ€¦vice nodes for the current kernel.
[[0;32m  OK  [0m] Mounted Kernel Debug File System.
[[0;32m  OK  [0m] Mounted Huge Pages File System.
[[0;32m  OK  [0m] Mounted POSIX Message Queue File System.
         Starting Create Static Device Nodes in /dev...
         Starting Apply Kernel Variables...
         Mounting Kernel Configuration File System...
         Mounting FUSE Control File System...
[[0;32m  OK  [0m] Mounted Kernel Configuration File System.
[[0;32m  OK  [0m] Mounted FUSE Control File System.
[[0;32m  OK  [0m] Started LVM2 metadata daemon.
[[0;32m  OK  [0m] Started File System Check Daemon to report status.
[[0;32m  OK  [0m] Started Journal Service.
[[0;32m  OK  [0m] Started udev Coldplug all Devices.
[[0;32m  OK  [0m] Started Create Static Device Nodes in /dev.
[[0;32m  OK  [0m] Started Apply Kernel Variables.
[[0;32m  OK  [0m] Started Monitoring of LVM2 mirrors,â€¦sing dmeventd or progress polling.
[[0;32m  OK  [0m] Started File System Check on Root Device.
         Starting Remount Root and Kernel File Systems...
[[0;32m  OK  [0m] Started Remount Root and Kernel File Systems.
         Starting Load/Save Random Seed...
         Starting udev Kernel Device Manager...
         Starting Flush Journal to Persistent Storage...
[[0;32m  OK  [0m] Started Load/Save Random Seed.
[[0;32m  OK  [0m] Started Set the console keyboard layout.
[[0;32m  OK  [0m] Reached target Local File Systems (Pre).
[[0;32m  OK  [0m] Reached target Local File Systems.
         Starting ebtables ruleset management...
         Starting Commit a transient machine-id on disk...
         Starting Tell Plymouth To Write Out Runtime Data...
         Starting AppArmor initialization...
         Starting Set console font and keymap...
[[0;32m  OK  [0m] Started Tell Plymouth To Write Out Runtime Data.
[[0;32m  OK  [0m] Started Set console font and keymap.
[[0;32m  OK  [0m] Started udev Kernel Device Manager.
[[0;32m  OK  [0m] Started Dispatch Password Requests to Console Directory Watch.
[[0;32m  OK  [0m] Reached target Local Encrypted Volumes.
[[0;32m  OK  [0m] Started Flush Journal to Persistent Storage.
         Starting Create Volatile Files and Directories...
[[0;32m  OK  [0m] Started Commit a transient machine-id on disk.
[[0;32m  OK  [0m] Started Create Volatile Files and Directories.
         Starting Update UTMP about System Boot/Shutdown...
[[0;32m  OK  [0m] Started ebtables ruleset management.
[[0;32m  OK  [0m] Started Update UTMP about System Boot/Shutdown.
[[0;32m  OK  [0m] Found device /dev/ttyS0.
[[0;32m  OK  [0m] Listening on Load/Save RF Kill Switch Status /dev/rfkill Watch.
[[0;32m  OK  [0m] Started AppArmor initialization.
         Starting Initial cloud-init job (pre-networking)...
         Starting Load AppArmor profiles managed internally by snapd...
[[0;32m  OK  [0m] Started Load AppArmor profiles managed internally by snapd.
[    9.053983] cloud-init[576]: Cloud-init v. 20.4.1-0ubuntu1~18.04.1 running 'init-local' at Wed, 17 Mar 2021 18:42:10 +0000. Up 8.59 seconds.
[[0;32m  OK  [0m] Started Initial cloud-init job (pre-networking).
[[0;32m  OK  [0m] Reached target Network (Pre).
         Starting Network Service...
[[0;32m  OK  [0m] Started Network Service.
         Starting Network Name Resolution...
         Starting Wait for Network to be Configured...
[[0;32m  OK  [0m] Started Network Name Resolution.
[[0;32m  OK  [0m] Reached target Network.
[[0;32m  OK  [0m] Reached target Host and Network Name Lookups.
[[0;32m  OK  [0m] Started Wait for Network to be Configured.
         Starting Initial cloud-init job (metadata service crawler)...
[   11.477102] cloud-init[702]: Cloud-init v. 20.4.1-0ubuntu1~18.04.1 running 'init' at Wed, 17 Mar 2021 18:42:12 +0000. Up 11.24 seconds.
[   11.479587] cloud-init[702]: ci-info: ++++++++++++++++++++++++++++++++++++++Net device info+++++++++++++++++++++++++++++++++++++++
[   11.481943] cloud-init[702]: ci-info: +--------+-------+----------------------------+---------------+--------+-------------------+
[   11.484335] cloud-init[702]: ci-info: | Device |   Up  |          Address           |      Mask     | Scope  |     Hw-Address    |
[   11.486903] cloud-init[702]: ci-info: +--------+-------+----------------------------+---------------+--------+-------------------+
[   11.500250] cloud-init[702]: ci-info: | enp0s3 |  True |         10.0.2.15          | 255.255.255.0 | global | 02:bb:7e:38:85:b0 |
[   11.503012] cloud-init[702]: ci-info: | enp0s3 |  True | fe80::bb:7eff:fe38:85b0/64 |       .       |  link  | 02:bb:7e:38:85:b0 |
[   11.505589] cloud-init[702]: ci-info: | enp0s8 | False |             .              |       .       |   .    | 08:00:27:3c:94:d5 |
[   11.508603] cloud-init[702]: ci-info: |   lo   |  True |         127.0.0.1          |   255.0.0.0   |  host  |         .         |
[   11.511557] cloud-init[702]: ci-info: |   lo   |  True |          ::1/128           |       .       |  host  |         .         |
[   11.524557] cloud-init[702]: ci-info: +--------+-------+----------------------------+---------------+--------+-------------------+
[   11.527831] cloud-init[702]: ci-info: ++++++++++++++++++++++++++++Route IPv4 info+++++++++++++++++++++++++++++
[   11.529939] cloud-init[702]: ci-info: +-------+-------------+----------+-----------------+-----------+-------+
[   11.532130] cloud-init[702]: ci-info: | Route | Destination | Gateway  |     Genmask     | Interface | Flags |
[   11.534326] cloud-init[702]: ci-info: +-------+-------------+----------+-----------------+-----------+-------+
[   11.536572] cloud-init[702]: ci-info: |   0   |   0.0.0.0   | 10.0.2.2 |     0.0.0.0     |   enp0s3  |   UG  |
[   11.538503] cloud-init[702]: ci-info: |   1   |   10.0.2.0  | 0.0.0.0  |  255.255.255.0  |   enp0s3  |   U   |
[   11.541457] cloud-init[702]: ci-info: |   2   |   10.0.2.2  | 0.0.0.0  | 255.255.255.255 |   enp0s3  |   UH  |
[   11.543868] cloud-init[702]: ci-info: +-------+-------------+----------+-----------------+-----------+-------+
[   11.546017] cloud-init[702]: ci-info: +++++++++++++++++++Route IPv6 info+++++++++++++++++++
[   11.547746] cloud-init[702]: ci-info: +-------+-------------+---------+-----------+-------+
[   11.549642] cloud-init[702]: ci-info: | Route | Destination | Gateway | Interface | Flags |
[   11.551337] cloud-init[702]: ci-info: +-------+-------------+---------+-----------+-------+
[   11.553476] cloud-init[702]: ci-info: |   1   |  fe80::/64  |    ::   |   enp0s3  |   U   |
[   11.555238] cloud-init[702]: ci-info: |   3   |    local    |    ::   |   enp0s3  |   U   |
[   11.557238] cloud-init[702]: ci-info: |   4   |   ff00::/8  |    ::   |   enp0s3  |   U   |
[   11.559567] cloud-init[702]: ci-info: +-------+-------------+---------+-----------+-------+
[   12.631243] cloud-init[702]: Generating public/private rsa key pair.
[   12.632694] cloud-init[702]: Your identification has been saved in /etc/ssh/ssh_host_rsa_key.
[   12.634510] cloud-init[702]: Your public key has been saved in /etc/ssh/ssh_host_rsa_key.pub.
[   12.636276] cloud-init[702]: The key fingerprint is:
[   12.637710] cloud-init[702]: SHA256:pUZ/n/17QB24qGTGOo6R/TEFQPc90lYefcQXvAfnV2E root@ubuntu-bionic
[   12.639584] cloud-init[702]: The key's randomart image is:
[   12.640474] cloud-init[702]: +---[RSA 2048]----+
[   12.641317] cloud-init[702]: |      .o..    oE=|
[   12.642139] cloud-init[702]: |        ... o.=oO|
[   12.642968] cloud-init[702]: |        o oo.=.**|
[   12.643924] cloud-init[702]: |       . O oo.o.=|
[   12.644934] cloud-init[702]: |      o S + ..  o|
[   12.645890] cloud-init[702]: |     o = + . ..o |
[   12.646848] cloud-init[702]: |      + o o   o..|
[   12.647822] cloud-init[702]: |     . . .      o|
[   12.648837] cloud-init[702]: |               .+|
[   12.650051] cloud-init[702]: +----[SHA256]-----+
[   12.651414] cloud-init[702]: Generating public/private dsa key pair.
[   12.653154] cloud-init[702]: Your identification has been saved in /etc/ssh/ssh_host_dsa_key.
[   12.664247] cloud-init[702]: Your public key has been saved in /etc/ssh/ssh_host_dsa_key.pub.
[   12.666542] cloud-init[702]: The key fingerprint is:
[   12.667771] cloud-init[702]: SHA256:g/PRk3+T6nzVxE97nIE4F6ANJALtycT/XtTNP9g1OyA root@ubuntu-bionic
[   12.670151] cloud-init[702]: The key's randomart image is:
[   12.671564] cloud-init[702]: +---[DSA 1024]----+
[   12.672855] cloud-init[702]: |   .+. ..o ..    |
[   12.674138] cloud-init[702]: |     +. . +  .   |
[   12.675454] cloud-init[702]: |    + o  . .o =. |
[   12.676753] cloud-init[702]: |     + o . E = ==|
[   12.677846] cloud-init[702]: |      o S = + ++@|
[   12.678690] cloud-init[702]: |       o + + . OB|
[   12.679541] cloud-init[702]: |        o . . +.+|
[   12.680429] cloud-init[702]: |         . . o.. |
[   12.681378] cloud-init[702]: |           .+.   |
[   12.682767] cloud-init[702]: +----[SHA256]-----+
[   12.684253] cloud-init[702]: Generating public/private ecdsa key pair.
[   12.685883] cloud-init[702]: Your identification has been saved in /etc/ssh/ssh_host_ecdsa_key.
[   12.688603] cloud-init[702]: Your public key has been saved in /etc/ssh/ssh_host_ecdsa_key.pub.
[   12.691100] cloud-init[702]: The key fingerprint is:
[   12.692660] cloud-init[702]: SHA256:TWzr5sIIgX6yAYuErs3rND9b8sSW92PIE2I5lPchaU4 root@ubuntu-bionic
[   12.695266] cloud-init[702]: The key's randomart image is:
[   12.696786] cloud-init[702]: +---[ECDSA 256]---+
[   12.698104] cloud-init[702]: |                 |
[   12.699150] cloud-init[702]: |         .       |
[   12.700229] cloud-init[702]: |.  .   . .+      |
[   12.701811] cloud-init[702]: |o.. . o E+..     |
[   12.703140] cloud-init[702]: |++   o *Soo.     |
[   12.704476] cloud-init[702]: |o.+ o.=.o..      |
[   12.705898] cloud-init[702]: |.oo=.o**.oo      |
[   12.716211] cloud-init[702]: |..+o.*..*+o      |
[   12.728504] cloud-init[702]: | .o.oo.  +o.     |
[   12.729401] cloud-init[702]: +----[SHA256]-----+
[   12.730521] cloud-init[702]: Generating public/private ed25519 key pair.
[   12.731994] cloud-init[702]: Your identification has been saved in /etc/ssh/ssh_host_ed25519_key.
[   12.733726] cloud-init[702]: Your public key has been saved in /etc/ssh/ssh_host_ed25519_key.pub.
[   12.735225] cloud-init[702]: The key fingerprint is:
[   12.736133] cloud-init[702]: SHA256:T2+wO9p1xNI6FP8rq0BQ/nOKspsZe88+s/b0S6ssd34 root@ubuntu-bionic
[   12.737710] cloud-init[702]: The key's randomart image is:
[   12.739297] cloud-init[702]: +--[ED25519 256]--+
[   12.740667] cloud-init[702]: |         .       |
[   12.741957] cloud-init[702]: |        o        |
[   12.752299] cloud-init[702]: |       . .  .    |
[   12.753537] cloud-init[702]: |        . .  =   |
[   12.764644] cloud-init[702]: |        S.ooo.=  |
[   12.765981] cloud-init[702]: |        .o.=++ . |
[   12.767395] cloud-init[702]: |       o oo.*....|
[   12.768536] cloud-init[702]: |        Bo+Oo=o.E|
[   12.769687] cloud-init[702]: |       *+.*BO=**o|
[   12.770817] cloud-init[702]: +----[SHA256]-----+
[[0;32m  OK  [0m] Started Initial cloud-init job (metadata service crawler).
[[0;32m  OK  [0m] Reached target System Initialization.
         Starting LXD - unix socket.
[[0;32m  OK  [0m] Started Message of the Day.
[[0;32m  OK  [0m] Listening on UUID daemon activation socket.
[[0;32m  OK  [0m] Started ACPI Events Check.
[[0;32m  OK  [0m] Started Discard unused blocks once a week.
[[0;32m  OK  [0m] Started Daily Cleanup of Temporary Directories.
[[0;32m  OK  [0m] Listening on D-Bus System Message Bus Socket.
[[0;32m  OK  [0m] Listening on Open-iSCSI iscsid Socket.
[[0;32m  OK  [0m] Started Daily apt download activities.
[[0;32m  OK  [0m] Listening on ACPID Listen Socket.
         Starting Socket activation for snappy daemon.
[[0;32m  OK  [0m] Reached target Paths.
[[0;32m  OK  [0m] Started Daily apt upgrade and clean activities.
[[0;32m  OK  [0m] Reached target Timers.
[[0;32m  OK  [0m] Reached target Cloud-config availability.
[[0;32m  OK  [0m] Reached target Network is Online.
         Starting Availability of block devices...
[[0;32m  OK  [0m] Reached target Remote File Systems (Pre).
[[0;32m  OK  [0m] Reached target Remote File Systems.
[[0;32m  OK  [0m] Listening on LXD - unix socket.
[[0;32m  OK  [0m] Listening on Socket activation for snappy daemon.
[[0;32m  OK  [0m] Started Availability of block devices.
[[0;32m  OK  [0m] Reached target Sockets.
[[0;32m  OK  [0m] Reached target Basic System.
[[0;32m  OK  [0m] Started FUSE filesystem for LXC.
         Starting Virtualbox guest utils...
[[0;32m  OK  [0m] Started Regular background program processing daemon.
         Starting Dispatcher daemon for systemd-networkd...
         Starting LXD - container startup/shutdown...
         Starting Accounts Service...
         Starting Permit User Sessions...
[[0;32m  OK  [0m] Started irqbalance daemon.
[[0;32m  OK  [0m] Started D-Bus System Message Bus.
         Starting Login Service...
         Starting Pollinate to seed the pseudo random number generator...
         Starting LSB: automatic crash report generation...
         Starting System Logging Service...
[[0;32m  OK  [0m] Started Deferred execution scheduler.
         Starting Snap Daemon...
         Starting LSB: Record successful boot for GRUB...
[[0;32m  OK  [0m] Started LXD - container startup/shutdown.
[[0;32m  OK  [0m] Started Permit User Sessions.
[[0;32m  OK  [0m] Started Login Service.
         Starting Authorization Manager...
[[0;32m  OK  [0m] Started Unattended Upgrades Shutdown.
         Starting Terminate Plymouth Boot Screen...
         Starting Hold until boot process finishes up...
[[0;32m  OK  [0m] Started Hold until boot process finishes up.
         Starting Set console scheme...
[[0;32m  OK  [0m] Started Serial Getty on ttyS0.
[[0;32m  OK  [0m] Started Terminate Plymouth Boot Screen.
[[0;32m  OK  [0m] Started Authorization Manager.
[[0;32m  OK  [0m] Started Accounts Service.
[[0;32m  OK  [0m] Started Set console scheme.
[[0;32m  OK  [0m] Started System Logging Service.
[[0;32m  OK  [0m] Created slice system-getty.slice.
[[0;32m  OK  [0m] Started Getty on tty1.
[[0;32m  OK  [0m] Reached target Login Prompts.
[[0;32m  OK  [0m] Started LSB: automatic crash report generation.
[[0;32m  OK  [0m] Started LSB: Record successful boot for GRUB.
[[0;32m  OK  [0m] Started Virtualbox guest utils.
[[0;32m  OK  [0m] Started Dispatcher daemon for systemd-networkd.
[[0;32m  OK  [0m] Started Snap Daemon.
         Starting Wait until snapd is fully seeded...

Ubuntu 18.04.5 LTS ubuntu-bionic ttyS0

ubuntu-bionic login: [   56.392012] cloud-init[2086]: Cloud-init v. 20.4.1-0ubuntu1~18.04.1 running 'modules:config' at Wed, 17 Mar 2021 18:42:57 +0000. Up 55.91 seconds.
ci-info: no authorized SSH keys fingerprints found for user ubuntu.
<14>Mar 17 18:42:58 ec2: 
<14>Mar 17 18:42:58 ec2: #############################################################
<14>Mar 17 18:42:58 ec2: -----BEGIN SSH HOST KEY FINGERPRINTS-----
<14>Mar 17 18:42:58 ec2: 1024 SHA256:g/PRk3+T6nzVxE97nIE4F6ANJALtycT/XtTNP9g1OyA root@ubuntu-bionic (DSA)
<14>Mar 17 18:42:58 ec2: 256 SHA256:TWzr5sIIgX6yAYuErs3rND9b8sSW92PIE2I5lPchaU4 root@ubuntu-bionic (ECDSA)
<14>Mar 17 18:42:58 ec2: 256 SHA256:T2+wO9p1xNI6FP8rq0BQ/nOKspsZe88+s/b0S6ssd34 root@ubuntu-bionic (ED25519)
<14>Mar 17 18:42:58 ec2: 2048 SHA256:pUZ/n/17QB24qGTGOo6R/TEFQPc90lYefcQXvAfnV2E root@ubuntu-bionic (RSA)
<14>Mar 17 18:42:58 ec2: -----END SSH HOST KEY FINGERPRINTS-----
<14>Mar 17 18:42:58 ec2: #############################################################
-----BEGIN SSH HOST KEY KEYS-----
ecdsa-sha2-nistp256 AAAAE2VjZHNhLXNoYTItbmlzdHAyNTYAAAAIbmlzdHAyNTYAAABBBFAo+VJE3K7DMOdxzeRLgBy1gigkZaj5MdKmrcyqkjzcj+zQ2wBFJBgMHVvaf7AhowWlpLRS1gZ5k1hfd4som1s= root@ubuntu-bionic
ssh-ed25519 AAAAC3NzaC1lZDI1NTE5AAAAIOiiIpEK/g0TR9mU/R181H/Cn4pPNPD0vodWiu0rF14G root@ubuntu-bionic
ssh-rsa AAAAB3NzaC1yc2EAAAADAQABAAABAQC85nhmEm5YksnKNKdc6RE7MCTmwKR1lGODf1cGourKYaZWfHloSxLOuV1S11FUmGy8WsBqIdnzCd5jbPCB3TFimUUncPsef3SnX8i/ZjptzFBZYDTp2yyL5/QF1YvO7Rxz51W3mlYmJhiqUIf/hm1/KK7C5xcF44zySTrJ7Luz++RboSwdJrSVH8nJRydpJ6z01CxpgFCooO9WWxVW+7jETARW1oXeTtUrGpBtD13ukRIxN7C/2HuIKYddtliQ4P6UFFVzcBXF/TixurY4maUOQi84gJ4LjLuq15zc0poGF/wvvsaOuRBVRBuLPOokGxvOKgffTS8xxkdqaxwkbFKb root@ubuntu-bionic
-----END SSH HOST KEY KEYS-----
[   57.230511] cloud-init[2162]: Cloud-init v. 20.4.1-0ubuntu1~18.04.1 running 'modules:final' at Wed, 17 Mar 2021 18:42:58 +0000. Up 56.98 seconds.
[   57.230618] cloud-init[2162]: ci-info: no authorized SSH keys fingerprints found for user ubuntu.
[   57.231253] cloud-init[2162]: Cloud-init v. 20.4.1-0ubuntu1~18.04.1 finished at Wed, 17 Mar 2021 18:42:58 +0000. Datasource DataSourceNoCloud [seed=/dev/sdb][dsmode=net].  Up 57.22 seconds
